2026-06-27 23:20:24, MOVE, v:1, k:fup@vet_iii, mode:PICK
2026-06-27 23:20:26, EXEC, v:1, k:fup@vet_iii, mode:FULL, rate:100
2026-06-27 23:21:23, EXEC, v:1, k:fup@vet_iii, mode:FULL, size:16, fail:COMP
2026-06-27 23:20:26, MOVE, v:1, k:fup@vet_iii, mode:EDIT
2026-06-27 23:25:22, MOVE, v:1, k:fup@vet_iii, mode:EDIT
2026-06-27 23:25:31, EXEC, v:1, k:fup@vet_iii, mode:FULL, rate:0, size:21
2026-06-27 23:26:02, EXEC, v:1, k:fup@vet_iii, mode:FULL, rate:0, size:22
2026-06-27 23:26:22, EXEC, v:1, k:fup@vet_iii, mode:FULL, rate:0, size:22
2026-06-27 23:28:22, EXEC, v:1, k:fup@vet_iii, mode:FULL, rate:0, size:24
2026-06-27 23:29:40, EXEC, v:1, k:fup@vet_iii, mode:FULL, rate:0
2026-06-27 23:28:16, MOVE, v:1, k:fup@vet_iii, mode:EDIT
2026-06-27 23:29:40, MOVE, v:1, k:fup@vet_iii, mode:EDIT
2026-06-27 23:31:34, EXEC, v:1, k:fup@vet_iii, mode:FULL, rate:0, size:25
2026-06-27 23:32:24, EXEC, v:1, k:fup@vet_iii, mode:FULL, rate:100, size:24
2026-06-27 23:32:54, EXEC, v:1, k:fup@vet_iii, mode:FULL, rate:100
2026-06-27 23:32:55, MOVE, v:1, k:fup@vet_iii, mode:BACK
2026-06-27 23:33:05, SELF, v:1, k:fup@vet_iii, self:1, rate:100, concept:1, refactor:1
2026-06-27 23:33:12, MOVE, v:1, k:fup@dieta, mode:PICK
2026-06-27 23:33:13, EXEC, v:1, k:fup@dieta, mode:FULL, size:6, fail:COMP
2026-06-27 23:35:18, EXEC, v:1, k:fup@dieta, mode:FULL, rate:0, size:12
2026-06-27 23:32:22, MOVE, v:1, k:fup@vet_iii, mode:EDIT
2026-06-27 23:32:54, MOVE, v:1, k:fup@vet_iii, mode:EDIT
2026-06-27 23:35:17, MOVE, v:1, k:fup@dieta, mode:EDIT
2026-06-27 23:35:18, MOVE, v:1, k:fup@dieta, mode:EDIT
2026-06-27 23:38:23, EXEC, v:1, k:fup@dieta, mode:FULL, rate:0, size:12
2026-06-27 23:39:36, EXEC, v:1, k:fup@dieta, mode:FULL, rate:0, size:16
2026-06-27 23:39:34, MOVE, v:1, k:fup@dieta, mode:EDIT
2026-06-27 23:39:36, MOVE, v:1, k:fup@dieta, mode:EDIT
2026-06-27 23:41:23, EXEC, v:1, k:fup@dieta, mode:FULL, size:21, fail:COMP
2026-06-27 23:41:52, EXEC, v:1, k:fup@dieta, mode:FULL, rate:0, size:22
2026-06-27 23:42:15, EXEC, v:1, k:fup@dieta, mode:FULL, rate:0, size:22
2026-06-27 23:42:29, EXEC, v:1, k:fup@dieta, mode:FREE
2026-06-27 23:43:59, EXEC, v:1, k:fup@dieta, mode:FULL, rate:0, size:24
2026-06-27 23:44:33, EXEC, v:1, k:fup@dieta, mode:FULL, rate:0, size:23
2026-06-27 23:45:01, EXEC, v:1, k:fup@dieta, mode:FULL, rate:0, size:23
2026-06-27 23:45:06, MOVE, v:1, k:fup@dieta, mode:EDIT
2026-06-27 23:45:01, MOVE, v:1, k:fup@dieta, mode:EDIT
2026-06-27 23:45:53, EXEC, v:1, k:fup@dieta, mode:FULL, rate:0, size:24
2026-06-27 23:46:31, EXEC, v:1, k:fup@dieta, mode:FULL, rate:0, size:24
2026-06-27 23:46:44, EXEC, v:1, k:fup@dieta, mode:FULL, rate:0, size:24
2026-06-27 23:47:58, EXEC, v:1, k:fup@dieta, mode:FULL, rate:100, size:24
2026-06-27 23:48:31, MOVE, v:1, k:fup@dieta, mode:BACK
2026-06-27 23:48:45, SELF, v:1, k:fup@dieta, self:1, rate:100, concept:1, problem:1, refactor:1
2026-06-27 23:49:08, MOVE, v:1, k:fup@dindin, mode:DOWN
2026-06-27 23:57:59, MOVE, v:1, k:fup@apertada, mode:PICK
2026-06-27 23:58:00, EXEC, v:1, k:fup@apertada, mode:FULL, rate:0
2026-06-27 23:58:00, MOVE, v:1, k:fup@apertada, mode:EDIT
