2026-06-14 21:06:11, MOVE, v:1, k:fup@bingo, mode:DOWN
2026-06-14 21:06:43, MOVE, v:1, k:fup@pedra_struct, mode:DOWN
2026-06-14 21:06:45, MOVE, v:1, k:fup@pedra_struct, mode:PICK
2026-06-14 21:06:48, EXEC, v:1, k:fup@pedra_struct, mode:FULL, rate:0, size:5
2026-06-14 21:06:11, MOVE, v:1, k:fup@bingo, mode:EDIT
2026-06-14 21:06:11, MOVE, v:1, k:fup@bingo, mode:EDIT
2026-06-14 21:06:11, MOVE, v:1, k:fup@bingo, mode:EDIT
2026-06-14 21:06:11, MOVE, v:1, k:fup@bingo, mode:EDIT
2026-06-14 21:06:43, MOVE, v:1, k:fup@pedra_struct, mode:EDIT
2026-06-14 21:06:43, MOVE, v:1, k:fup@pedra_struct, mode:EDIT
2026-06-14 21:06:43, MOVE, v:1, k:fup@pedra_struct, mode:EDIT
2026-06-14 21:06:43, MOVE, v:1, k:fup@pedra_struct, mode:EDIT
2026-06-14 21:06:48, MOVE, v:1, k:fup@pedra_struct, mode:EDIT
2026-06-14 21:18:48, EXEC, v:1, k:fup@pedra_struct, mode:FULL, rate:0
2026-06-14 21:18:48, EXEC, v:1, k:fup@pedra_struct, mode:FULL, rate:0
2026-06-14 21:18:49, EXEC, v:1, k:fup@pedra_struct, mode:FULL, rate:0
2026-06-14 21:18:49, EXEC, v:1, k:fup@pedra_struct, mode:FULL, rate:0
2026-06-14 21:18:49, EXEC, v:1, k:fup@pedra_struct, mode:FULL, rate:0
2026-06-14 21:18:49, EXEC, v:1, k:fup@pedra_struct, mode:FULL, rate:0
2026-06-14 21:19:02, EXEC, v:1, k:fup@pedra_struct, mode:FULL, rate:66, size:5
2026-06-14 21:19:02, MOVE, v:1, k:fup@pedra_struct, mode:EDIT
2026-06-14 21:19:00, MOVE, v:1, k:fup@pedra_struct, mode:EDIT
2026-06-14 21:50:00, EXEC, v:1, k:fup@pedra_struct, mode:FULL, rate:100, size:66
2026-06-14 21:50:02, MOVE, v:1, k:fup@pedra_struct, mode:BACK
2026-06-14 21:50:08, MOVE, v:1, k:fup@estudante, mode:DOWN
2026-06-14 21:50:09, MOVE, v:1, k:fup@estudante, mode:PICK
2026-06-14 21:50:11, EXEC, v:1, k:fup@estudante, mode:FULL, rate:0, size:5
