2026-07-03 16:28:19, MOVE, v:1, k:fup@inverte, mode:DOWN
2026-07-03 16:28:20, MOVE, v:1, k:fup@inverte, mode:PICK
2026-07-03 16:29:26, MOVE, v:1, k:fup@inverte, mode:PICK
2026-07-03 16:29:27, EXEC, v:1, k:fup@inverte, mode:FULL, rate:0, size:5
2026-07-03 16:29:27, MOVE, v:1, k:fup@inverte, mode:EDIT
2026-07-03 16:34:20, MOVE, v:1, k:fup@inverte, mode:EDIT
2026-07-03 16:36:46, EXEC, v:1, k:fup@inverte, mode:FULL, rate:0, size:15
2026-07-03 16:37:18, EXEC, v:1, k:fup@inverte, mode:FULL, rate:0, size:15
2026-07-03 16:37:26, EXEC, v:1, k:fup@inverte, mode:FULL, rate:100, size:15
2026-07-03 16:37:30, MOVE, v:1, k:fup@inverte, mode:BACK
2026-07-03 16:37:32, MOVE, v:1, k:fup@inverte, mode:PICK
2026-07-03 16:37:33, EXEC, v:1, k:fup@inverte, mode:FULL, rate:100
2026-07-03 16:37:35, EXEC, v:1, k:fup@inverte, mode:FULL, rate:100
2026-07-03 16:37:39, EXEC, v:1, k:fup@inverte, mode:FREE
2026-07-03 16:38:08, MOVE, v:1, k:fup@inverte, mode:BACK
2026-07-03 16:38:20, SELF, v:1, k:fup@inverte, self:1, rate:100, concept:1, problem:1
2026-07-03 16:38:38, MOVE, v:1, k:fup@substring, mode:DOWN
2026-07-03 16:38:38, MOVE, v:1, k:fup@substring, mode:PICK
2026-07-03 16:39:00, MOVE, v:1, k:fup@substring, mode:PICK
2026-07-03 16:39:01, EXEC, v:1, k:fup@substring, mode:FULL, rate:0, size:5
2026-07-03 16:39:01, MOVE, v:1, k:fup@substring, mode:EDIT
2026-07-03 16:43:54, MOVE, v:1, k:fup@substring, mode:EDIT
2026-07-03 16:45:02, EXEC, v:1, k:fup@substring, mode:FULL, rate:28, size:10
2026-07-03 16:48:53, MOVE, v:1, k:fup@substring, mode:EDIT
2026-07-03 16:45:02, MOVE, v:1, k:fup@substring, mode:EDIT
2026-07-03 16:50:34, EXEC, v:1, k:fup@substring, mode:FULL, rate:28, size:19
2026-07-03 16:51:01, EXEC, v:1, k:fup@substring, mode:FULL, rate:28, size:19
2026-07-03 16:51:27, EXEC, v:1, k:fup@substring, mode:FULL, rate:28, size:19
2026-07-03 16:51:47, EXEC, v:1, k:fup@substring, mode:FULL, rate:28, size:20
2026-07-03 16:52:08, EXEC, v:1, k:fup@substring, mode:FULL, rate:71, size:20
2026-07-03 16:53:02, EXEC, v:1, k:fup@substring, mode:FULL, rate:71, size:20
2026-07-03 16:53:01, MOVE, v:1, k:fup@substring, mode:EDIT
2026-07-03 16:53:02, MOVE, v:1, k:fup@substring, mode:EDIT
2026-07-03 16:58:45, MOVE, v:1, k:fup@substring, mode:EDIT
2026-07-03 17:00:20, EXEC, v:1, k:fup@substring, mode:FULL, size:31, fail:COMP
2026-07-03 17:01:51, EXEC, v:1, k:fup@substring, mode:FULL, rate:0, size:32
2026-07-03 17:02:38, EXEC, v:1, k:fup@substring, mode:FULL, rate:0, size:32
2026-07-03 17:03:13, EXEC, v:1, k:fup@substring, mode:FULL, rate:0, size:33
2026-07-03 17:03:23, EXEC, v:1, k:fup@substring, mode:FULL, rate:0, size:33
2026-07-03 17:03:31, MOVE, v:1, k:fup@substring, mode:EDIT
2026-07-03 17:03:23, MOVE, v:1, k:fup@substring, mode:EDIT
2026-07-03 17:06:44, EXEC, v:1, k:fup@substring, mode:FULL, rate:0, size:33
2026-07-03 17:06:49, EXEC, v:1, k:fup@substring, mode:FREE
2026-07-03 17:06:49, MOVE, v:1, k:fup@substring, mode:EDIT
2026-07-03 17:10:49, EXEC, v:1, k:fup@substring, mode:FULL, rate:0, size:35
2026-07-03 17:10:53, EXEC, v:1, k:fup@substring, mode:FULL, rate:0
2026-07-03 17:11:13, MOVE, v:1, k:fup@substring, mode:PICK
2026-07-03 17:11:15, EXEC, v:1, k:fup@substring, mode:FULL, rate:0
2026-07-03 17:12:17, MOVE, v:1, k:fup@substring, mode:BACK
2026-07-03 17:12:37, MOVE, v:1, k:fup@ru, mode:DOWN
2026-07-03 17:12:37, MOVE, v:1, k:fup@ru, mode:PICK
2026-07-03 17:12:39, EXEC, v:1, k:fup@ru, mode:FULL, rate:0, size:5
