2026-05-18 17:06:54, MOVE, v:1, k:sandbox@user_002, mode:PICK
2026-05-18 17:06:58, EXEC, v:1, k:sandbox@user_002, mode:LOCK, rate:0, size:5
2026-05-18 17:07:06, EXEC, v:1, k:sandbox@user_002, mode:LOCK, rate:0
2026-05-18 17:07:18, EXEC, v:1, k:sandbox@user_002, mode:LOCK, rate:0
2026-05-18 17:08:52, EXEC, v:1, k:sandbox@user_002, mode:LOCK, rate:0, size:5
2026-05-18 17:10:48, MOVE, v:1, k:sandbox@user_002, mode:BACK
2026-05-18 17:11:06, MOVE, v:1, k:fup@fuga, mode:DOWN
2026-05-18 17:11:07, MOVE, v:1, k:fup@fuga, mode:PICK
2026-05-18 17:11:09, EXEC, v:1, k:fup@fuga, mode:FULL, rate:0, size:5
2026-05-18 17:06:53, MOVE, v:1, k:sandbox@user_002, mode:EDIT
2026-05-18 17:08:52, MOVE, v:1, k:sandbox@user_002, mode:EDIT
2026-05-18 17:10:24, MOVE, v:1, k:sandbox@user_002, mode:EDIT
2026-05-18 17:11:06, MOVE, v:1, k:fup@fuga, mode:EDIT
2026-05-18 17:11:06, MOVE, v:1, k:fup@fuga, mode:EDIT
2026-05-18 17:11:06, MOVE, v:1, k:fup@fuga, mode:EDIT
2026-05-18 17:11:09, MOVE, v:1, k:fup@fuga, mode:EDIT
2026-05-18 17:15:36, MOVE, v:1, k:fup@fuga, mode:EDIT
2026-05-18 17:17:46, EXEC, v:1, k:fup@fuga, mode:FULL, rate:10, size:12
2026-05-18 17:18:23, EXEC, v:1, k:fup@fuga, mode:FULL, rate:50, size:14
2026-05-18 17:20:31, EXEC, v:1, k:fup@fuga, mode:FULL, rate:0, size:19
2026-05-18 17:20:41, EXEC, v:1, k:fup@fuga, mode:FULL, rate:50, size:19
2026-05-18 17:21:23, EXEC, v:1, k:fup@fuga, mode:FULL, rate:50
2026-05-18 17:20:39, MOVE, v:1, k:fup@fuga, mode:EDIT
2026-05-18 17:21:22, MOVE, v:1, k:fup@fuga, mode:EDIT
2026-05-18 17:22:01, EXEC, v:1, k:fup@fuga, mode:FULL, rate:30, size:19
2026-05-18 17:23:05, EXEC, v:1, k:fup@fuga, mode:FULL, rate:50, size:29
2026-05-18 17:23:32, EXEC, v:1, k:fup@fuga, mode:FULL, size:29, fail:COMP
2026-05-18 17:23:38, EXEC, v:1, k:fup@fuga, mode:FULL, rate:70, size:29
2026-05-18 17:24:43, MOVE, v:1, k:fup@fuga, mode:EDIT
2026-05-18 17:23:38, MOVE, v:1, k:fup@fuga, mode:EDIT
2026-05-18 17:27:43, EXEC, v:1, k:fup@fuga, mode:FULL, rate:70, size:29
2026-05-18 17:28:16, EXEC, v:1, k:fup@fuga, mode:FULL, rate:50, size:29
2026-05-18 17:28:38, MOVE, v:1, k:fup@fuga, mode:PICK
2026-05-18 17:28:39, EXEC, v:1, k:fup@fuga, mode:FULL, rate:70, size:29
2026-05-18 17:29:08, EXEC, v:1, k:fup@fuga, mode:FULL, rate:70, size:29
2026-05-18 17:29:52, EXEC, v:1, k:fup@fuga, mode:FULL, rate:70, size:29
2026-05-18 17:30:26, EXEC, v:1, k:fup@fuga, mode:FULL, rate:70, size:29
2026-05-18 17:31:08, EXEC, v:1, k:fup@fuga, mode:FULL, rate:60, size:29
2026-05-18 17:33:26, MOVE, v:1, k:fup@fuga, mode:EDIT
2026-05-18 17:31:08, MOVE, v:1, k:fup@fuga, mode:EDIT
2026-05-18 17:36:49, EXEC, v:1, k:fup@fuga, mode:FULL, rate:80, size:37
2026-05-18 17:36:47, MOVE, v:1, k:fup@fuga, mode:EDIT
2026-05-18 17:36:49, MOVE, v:1, k:fup@fuga, mode:EDIT
2026-05-18 17:40:54, EXEC, v:1, k:fup@fuga, mode:FULL, rate:100, size:42
2026-05-18 17:40:58, EXEC, v:1, k:fup@fuga, mode:FULL, rate:100
2026-05-18 17:40:59, EXEC, v:1, k:fup@fuga, mode:FULL, rate:100
2026-05-18 17:41:01, MOVE, v:1, k:fup@fuga, mode:BACK
2026-05-18 17:41:14, SELF, v:1, k:fup@fuga, self:1, rate:100, concept:1, problem:1
2026-05-18 17:42:05, MOVE, v:1, k:fup@lotado, mode:DOWN
2026-05-18 17:42:06, MOVE, v:1, k:fup@lotado, mode:PICK
2026-05-18 17:42:07, EXEC, v:1, k:fup@lotado, mode:FULL, rate:0, size:5
2026-05-18 17:40:52, MOVE, v:1, k:fup@fuga, mode:EDIT
2026-05-18 17:40:59, MOVE, v:1, k:fup@fuga, mode:EDIT
2026-05-18 17:42:05, MOVE, v:1, k:fup@lotado, mode:EDIT
2026-05-18 17:42:05, MOVE, v:1, k:fup@lotado, mode:EDIT
2026-05-18 17:43:25, MOVE, v:1, k:fup@lotado, mode:EDIT
2026-05-18 17:42:07, MOVE, v:1, k:fup@lotado, mode:EDIT
2026-05-18 17:45:33, EXEC, v:1, k:fup@lotado, mode:FULL, rate:0, size:10
2026-05-18 17:47:48, MOVE, v:1, k:fup@lotado, mode:EDIT
2026-05-18 17:45:33, MOVE, v:1, k:fup@lotado, mode:EDIT
2026-05-18 17:51:53, EXEC, v:1, k:fup@lotado, mode:FULL, size:15, fail:COMP
2026-05-18 17:52:18, EXEC, v:1, k:fup@lotado, mode:FULL, rate:0, size:16
2026-05-18 17:53:21, MOVE, v:1, k:fup@lotado, mode:EDIT
2026-05-18 17:52:16, MOVE, v:1, k:fup@lotado, mode:EDIT
2026-05-18 17:53:48, EXEC, v:1, k:fup@lotado, mode:FULL, rate:0, size:17
2026-05-18 17:57:48, EXEC, v:1, k:fup@lotado, mode:FULL, rate:0, size:24
2026-05-18 17:57:42, MOVE, v:1, k:fup@lotado, mode:EDIT
2026-05-18 17:57:46, MOVE, v:1, k:fup@lotado, mode:EDIT
2026-05-18 18:00:59, EXEC, v:1, k:fup@lotado, mode:FULL, size:21, fail:COMP
2026-05-18 18:01:18, EXEC, v:1, k:fup@lotado, mode:FULL, size:18, fail:COMP
2026-05-18 18:01:24, EXEC, v:1, k:fup@lotado, mode:FULL, size:19, fail:COMP
2026-05-18 18:01:37, EXEC, v:1, k:fup@lotado, mode:FULL, rate:0, size:19
2026-05-18 18:02:31, EXEC, v:1, k:fup@lotado, mode:FULL, rate:0, size:20
2026-05-18 18:02:28, MOVE, v:1, k:fup@lotado, mode:EDIT
2026-05-18 18:02:28, MOVE, v:1, k:fup@lotado, mode:EDIT
2026-05-18 18:08:25, EXEC, v:1, k:fup@lotado, mode:FULL, rate:0, size:19
2026-05-18 18:08:21, MOVE, v:1, k:fup@lotado, mode:EDIT
2026-05-18 18:08:22, MOVE, v:1, k:fup@lotado, mode:EDIT
2026-05-18 18:08:50, EXEC, v:1, k:fup@lotado, mode:FULL, rate:0, size:18
2026-05-18 18:09:37, EXEC, v:1, k:fup@lotado, mode:FULL, rate:0, size:20
2026-05-18 18:10:10, EXEC, v:1, k:fup@lotado, mode:FULL, rate:0, size:21
2026-05-18 18:10:09, MOVE, v:1, k:fup@lotado, mode:EDIT
2026-05-18 18:10:10, MOVE, v:1, k:fup@lotado, mode:EDIT
2026-05-18 18:16:48, EXEC, v:1, k:fup@lotado, mode:FULL, rate:0, size:21
2026-05-18 18:16:55, EXEC, v:1, k:fup@lotado, mode:FULL, rate:0, size:21
2026-05-18 18:17:49, EXEC, v:1, k:fup@lotado, mode:FULL, rate:0, size:21
2026-05-18 18:18:07, MOVE, v:1, k:fup@lotado, mode:BACK
2026-05-18 18:17:45, MOVE, v:1, k:fup@lotado, mode:EDIT
2026-05-18 18:17:49, MOVE, v:1, k:fup@lotado, mode:EDIT
2026-05-18 18:18:31, MOVE, v:1, k:fup@vet_ii, mode:PICK
2026-05-18 18:18:33, EXEC, v:1, k:fup@vet_ii, mode:FULL, rate:75
2026-05-18 18:19:11, EXEC, v:1, k:fup@vet_ii, mode:FULL, rate:25, size:24
2026-05-18 18:19:43, MOVE, v:1, k:fup@vet_ii, mode:PICK
2026-05-18 18:19:44, EXEC, v:1, k:fup@vet_ii, mode:FULL, rate:25
2026-05-18 18:19:50, EXEC, v:1, k:fup@vet_ii, mode:FULL, rate:75, size:24
2026-05-18 18:20:08, EXEC, v:1, k:fup@vet_ii, mode:FULL, rate:25, size:24
2026-05-18 18:20:21, EXEC, v:1, k:fup@vet_ii, mode:FULL, rate:75, size:24
2026-05-18 18:20:38, EXEC, v:1, k:fup@vet_ii, mode:FULL, rate:0, size:25
2026-05-18 18:21:00, EXEC, v:1, k:fup@vet_ii, mode:FULL, rate:75, size:24
2026-05-18 18:21:49, EXEC, v:1, k:fup@vet_ii, mode:FULL, rate:75, size:25
2026-05-18 18:22:07, MOVE, v:1, k:fup@vet_ii, mode:PICK
2026-05-18 18:22:08, EXEC, v:1, k:fup@vet_ii, mode:FULL, rate:75
2026-05-18 18:22:20, EXEC, v:1, k:fup@vet_ii, mode:FULL, rate:75, size:25
2026-05-18 18:22:45, EXEC, v:1, k:fup@vet_ii, mode:FULL, rate:25, size:25
2026-05-18 18:23:08, MOVE, v:1, k:fup@vet_ii, mode:PICK
2026-05-18 18:23:10, EXEC, v:1, k:fup@vet_ii, mode:FULL, rate:25
2026-05-18 18:23:57, EXEC, v:1, k:fup@vet_ii, mode:FULL, rate:0, size:27
2026-05-18 18:24:21, EXEC, v:1, k:fup@vet_ii, mode:FULL, rate:0, size:28
2026-05-18 18:24:40, EXEC, v:1, k:fup@vet_ii, mode:FULL, rate:75, size:25
2026-05-18 18:24:46, MOVE, v:1, k:fup@vet_ii, mode:BACK
2026-05-18 18:24:39, MOVE, v:1, k:fup@vet_ii, mode:EDIT
2026-05-18 18:24:39, MOVE, v:1, k:fup@vet_ii, mode:EDIT
