2026-07-05 00:17:46, MOVE, v:1, k:fup@pedra_struct, mode:PICK
2026-07-05 00:17:49, EXEC, v:1, k:fup@pedra_struct, mode:FULL, rate:100
2026-07-05 00:17:49, MOVE, v:1, k:fup@pedra_struct, mode:BACK
2026-07-05 00:17:58, MOVE, v:1, k:fup@pizza, mode:DOWN
2026-07-05 00:17:59, MOVE, v:1, k:fup@pizza, mode:PICK
2026-07-05 00:18:00, EXEC, v:1, k:fup@pizza, mode:FULL, rate:0, size:5
2026-07-05 00:17:49, MOVE, v:1, k:fup@pedra_struct, mode:EDIT
2026-07-05 00:17:58, MOVE, v:1, k:fup@pizza, mode:EDIT
2026-07-05 00:17:59, MOVE, v:1, k:fup@pizza, mode:EDIT
2026-07-05 00:34:24, MOVE, v:1, k:fup@pizza, mode:EDIT
2026-07-05 00:38:08, EXEC, v:1, k:fup@pizza, mode:FULL, rate:0, size:27
2026-07-05 00:38:25, EXEC, v:1, k:fup@pizza, mode:FULL, rate:0, size:28
2026-07-05 00:39:24, MOVE, v:1, k:fup@pizza, mode:EDIT
2026-07-05 00:38:25, MOVE, v:1, k:fup@pizza, mode:EDIT
2026-07-05 00:41:03, EXEC, v:1, k:fup@pizza, mode:FULL, rate:0, size:30
2026-07-05 00:41:17, EXEC, v:1, k:fup@pizza, mode:FULL, rate:0, size:30
2026-07-05 00:44:20, MOVE, v:1, k:fup@pizza, mode:EDIT
2026-07-05 00:41:17, MOVE, v:1, k:fup@pizza, mode:EDIT
2026-07-05 00:46:23, EXEC, v:1, k:fup@pizza, mode:FULL, rate:25, size:35
2026-07-05 00:47:01, EXEC, v:1, k:fup@pizza, mode:FULL, rate:25, size:35
2026-07-05 00:47:12, EXEC, v:1, k:fup@pizza, mode:FULL, rate:0, size:35
2026-07-05 00:47:19, EXEC, v:1, k:fup@pizza, mode:FULL, rate:0, size:35
2026-07-05 00:48:48, EXEC, v:1, k:fup@pizza, mode:FULL, rate:100, size:35
2026-07-05 00:48:51, MOVE, v:1, k:fup@pizza, mode:BACK
2026-07-05 00:49:07, SELF, v:1, k:fup@pizza, self:1, rate:100, concept:1, problem:1, refactor:1
2026-07-05 00:48:46, MOVE, v:1, k:fup@pizza, mode:EDIT
2026-07-05 00:48:48, MOVE, v:1, k:fup@pizza, mode:EDIT
2026-07-05 00:55:49, MOVE, v:1, k:fup@gomos, mode:DOWN
2026-07-05 00:55:50, MOVE, v:1, k:fup@gomos, mode:PICK
2026-07-05 00:55:52, EXEC, v:1, k:fup@gomos, mode:FULL, rate:0, size:5
2026-07-05 00:55:49, MOVE, v:1, k:fup@gomos, mode:EDIT
2026-07-05 00:59:22, MOVE, v:1, k:fup@gomos, mode:EDIT
2026-07-05 00:55:52, MOVE, v:1, k:fup@gomos, mode:EDIT
2026-07-05 01:00:11, MOVE, v:1, k:fup@gomos, mode:BACK
2026-07-05 01:00:41, MOVE, v:1, k:fup@cobra, mode:DOWN
2026-07-05 01:00:42, MOVE, v:1, k:fup@cobra, mode:PICK
2026-07-05 01:01:09, MOVE, v:1, k:fup@cobra, mode:PICK
2026-07-05 01:01:10, EXEC, v:1, k:fup@cobra, mode:FULL, rate:0, size:5
2026-07-05 01:01:23, MOVE, v:1, k:fup@cobra, mode:PICK
2026-07-05 01:01:24, EXEC, v:1, k:fup@cobra, mode:FULL, rate:0
2026-07-05 01:01:24, MOVE, v:1, k:fup@cobra, mode:EDIT
2026-07-05 01:06:04, MOVE, v:1, k:fup@cobra, mode:EDIT
2026-07-05 01:10:34, EXEC, v:1, k:fup@cobra, mode:FULL, rate:9, size:23
2026-07-05 01:11:07, MOVE, v:1, k:fup@cobra, mode:EDIT
2026-07-05 01:10:34, MOVE, v:1, k:fup@cobra, mode:EDIT
2026-07-05 01:11:47, EXEC, v:1, k:fup@cobra, mode:FULL, rate:0, size:26
2026-07-05 01:12:15, EXEC, v:1, k:fup@cobra, mode:FULL, rate:0, size:29
2026-07-05 01:14:48, MOVE, v:1, k:fup@cobra, mode:EDIT
2026-07-05 01:12:14, MOVE, v:1, k:fup@cobra, mode:EDIT
2026-07-05 01:21:04, MOVE, v:1, k:fup@cobra, mode:EDIT
2026-07-05 01:23:33, EXEC, v:1, k:fup@cobra, mode:FULL, rate:27, size:32
2026-07-05 01:24:07, EXEC, v:1, k:fup@cobra, mode:FULL, rate:27, size:35
2026-07-05 01:26:03, EXEC, v:1, k:fup@cobra, mode:FULL, rate:45, size:38
2026-07-05 01:26:00, MOVE, v:1, k:fup@cobra, mode:EDIT
2026-07-05 01:26:03, MOVE, v:1, k:fup@cobra, mode:EDIT
2026-07-05 01:27:26, EXEC, v:1, k:fup@cobra, mode:FULL, rate:54, size:41
2026-07-05 01:28:29, EXEC, v:1, k:fup@cobra, mode:FULL, rate:54, size:41
2026-07-05 01:28:45, EXEC, v:1, k:fup@cobra, mode:FULL, rate:54, size:41
2026-07-05 01:30:31, EXEC, v:1, k:fup@cobra, mode:FULL, rate:100, size:41
2026-07-05 01:30:32, MOVE, v:1, k:fup@cobra, mode:BACK
2026-07-05 01:30:42, SELF, v:1, k:fup@cobra, self:1, rate:100, refactor:1
2026-07-05 01:30:29, MOVE, v:1, k:fup@cobra, mode:EDIT
2026-07-05 01:30:30, MOVE, v:1, k:fup@cobra, mode:EDIT
