2026-05-26 03:25:14, MOVE, v:1, k:fup@fatores, mode:DOWN
2026-05-26 03:25:15, MOVE, v:1, k:fup@fatores, mode:PICK
2026-05-26 03:25:45, MOVE, v:1, k:fup@fatores, mode:PICK
2026-05-26 03:25:46, EXEC, v:1, k:fup@fatores, mode:FULL, rate:0, size:5
2026-05-26 03:25:49, EXEC, v:1, k:fup@fatores, mode:FULL, rate:0
2026-05-26 03:25:49, MOVE, v:1, k:fup@fatores, mode:EDIT
2026-05-26 03:27:02, MOVE, v:1, k:fup@fatores, mode:EDIT
2026-05-26 03:33:33, EXEC, v:1, k:fup@fatores, mode:FULL, rate:0, size:12
2026-05-26 03:33:48, EXEC, v:1, k:fup@fatores, mode:FULL, rate:0, size:12
2026-05-26 03:34:28, EXEC, v:1, k:fup@fatores, mode:FULL, rate:0, size:14
2026-05-26 03:34:38, EXEC, v:1, k:fup@fatores, mode:FULL, rate:0, size:15
2026-05-26 03:35:08, EXEC, v:1, k:fup@fatores, mode:FULL, rate:0, size:15
2026-05-26 03:35:19, MOVE, v:1, k:fup@fatores, mode:EDIT
2026-05-26 03:35:08, MOVE, v:1, k:fup@fatores, mode:EDIT
2026-05-26 03:36:51, EXEC, v:1, k:fup@fatores, mode:FULL, size:18, fail:COMP
2026-05-26 03:38:33, EXEC, v:1, k:fup@fatores, mode:FULL, rate:0, size:13
2026-05-26 03:38:46, EXEC, v:1, k:fup@fatores, mode:FULL, rate:0, size:13
2026-05-26 03:38:49, EXEC, v:1, k:fup@fatores, mode:FULL, rate:0
2026-05-26 03:40:27, MOVE, v:1, k:fup@fatores, mode:EDIT
2026-05-26 03:38:49, MOVE, v:1, k:fup@fatores, mode:EDIT
2026-05-26 03:41:55, EXEC, v:1, k:fup@fatores, mode:FULL, rate:0, size:15
2026-05-26 03:45:31, MOVE, v:1, k:fup@fatores, mode:EDIT
2026-05-26 03:41:55, MOVE, v:1, k:fup@fatores, mode:EDIT
2026-05-26 03:50:34, EXEC, v:1, k:fup@fatores, mode:FULL, rate:0, size:18
2026-05-26 03:50:32, MOVE, v:1, k:fup@fatores, mode:EDIT
2026-05-26 03:50:34, MOVE, v:1, k:fup@fatores, mode:EDIT
2026-05-26 03:55:22, MOVE, v:1, k:fup@fatores, mode:EDIT
2026-05-26 03:58:37, EXEC, v:1, k:fup@fatores, mode:FULL, rate:0, size:22
2026-05-26 04:00:36, MOVE, v:1, k:fup@fatores, mode:EDIT
2026-05-26 03:58:35, MOVE, v:1, k:fup@fatores, mode:EDIT
2026-05-26 04:02:40, EXEC, v:1, k:fup@fatores, mode:FULL, rate:0, size:22
2026-05-26 04:03:02, EXEC, v:1, k:fup@fatores, mode:FULL, rate:0, size:23
2026-05-26 04:04:40, MOVE, v:1, k:fup@fatores, mode:EDIT
2026-05-26 04:03:00, MOVE, v:1, k:fup@fatores, mode:EDIT
2026-05-26 04:06:29, EXEC, v:1, k:fup@fatores, mode:FULL, rate:0, size:28
2026-05-26 04:06:57, EXEC, v:1, k:fup@fatores, mode:FULL, rate:20, size:28
2026-05-26 04:07:07, EXEC, v:1, k:fup@fatores, mode:FULL, rate:0, size:28
2026-05-26 04:08:27, EXEC, v:1, k:fup@fatores, mode:FULL, rate:0, size:30
2026-05-26 04:09:48, EXEC, v:1, k:fup@fatores, mode:FULL, rate:0, size:24
2026-05-26 04:10:10, EXEC, v:1, k:fup@fatores, mode:FULL, rate:0, size:24
2026-05-26 04:10:19, EXEC, v:1, k:fup@fatores, mode:FULL, rate:0, size:24
2026-05-26 04:10:18, MOVE, v:1, k:fup@fatores, mode:EDIT
2026-05-26 04:10:19, MOVE, v:1, k:fup@fatores, mode:EDIT
2026-05-26 04:11:03, EXEC, v:1, k:fup@fatores, mode:FULL, rate:0, size:24
2026-05-26 04:11:36, EXEC, v:1, k:fup@fatores, mode:FULL, rate:0, size:23
2026-05-26 04:13:02, EXEC, v:1, k:fup@fatores, mode:FULL, rate:0, size:23
2026-05-26 04:14:43, EXEC, v:1, k:fup@fatores, mode:FULL, rate:0, size:23
2026-05-26 04:14:57, MOVE, v:1, k:fup@fatores, mode:PICK
2026-05-26 04:14:58, EXEC, v:1, k:fup@fatores, mode:FULL, rate:0
2026-05-26 04:15:32, EXEC, v:1, k:fup@fatores, mode:FULL, rate:0, size:29
2026-05-26 04:16:01, EXEC, v:1, k:fup@fatores, mode:FULL, rate:0, size:29
2026-05-26 04:16:16, MOVE, v:1, k:fup@fatores, mode:PICK
2026-05-26 04:16:18, EXEC, v:1, k:fup@fatores, mode:FULL, rate:0
2026-05-26 04:16:25, EXEC, v:1, k:fup@fatores, mode:FULL, rate:0, size:29
2026-05-26 04:17:38, EXEC, v:1, k:fup@fatores, mode:FULL, size:24, fail:COMP
2026-05-26 04:17:51, EXEC, v:1, k:fup@fatores, mode:FULL, rate:0, size:24
2026-05-26 04:18:18, EXEC, v:1, k:fup@fatores, mode:FULL, rate:0, size:23
2026-05-26 04:18:31, EXEC, v:1, k:fup@fatores, mode:FULL, rate:0, size:23
2026-05-26 04:18:53, EXEC, v:1, k:fup@fatores, mode:FULL, rate:0, size:24
2026-05-26 04:21:14, EXEC, v:1, k:fup@fatores, mode:FULL, rate:100, size:33
2026-05-26 04:21:14, MOVE, v:1, k:fup@fatores, mode:EDIT
2026-05-26 04:21:11, MOVE, v:1, k:fup@fatores, mode:EDIT
2026-05-26 04:22:09, EXEC, v:1, k:fup@fatores, mode:FULL, rate:0, size:33
2026-05-26 04:22:34, EXEC, v:1, k:fup@fatores, mode:FULL, size:33, fail:COMP
2026-05-26 04:22:56, EXEC, v:1, k:fup@fatores, mode:FULL, rate:100, size:31
2026-05-26 04:23:00, MOVE, v:1, k:fup@fatores, mode:BACK
2026-05-26 04:23:16, SELF, v:1, k:fup@fatores, self:1, rate:100, concept:1, problem:1, refactor:1
2026-05-26 04:23:16, MOVE, v:1, k:fup@fatores, mode:PICK
2026-05-26 04:23:18, EXEC, v:1, k:fup@fatores, mode:FULL, rate:100
2026-05-26 04:23:19, MOVE, v:1, k:fup@fatores, mode:BACK
2026-05-26 04:22:53, MOVE, v:1, k:fup@fatores, mode:EDIT
2026-05-26 04:23:18, MOVE, v:1, k:fup@fatores, mode:EDIT
2026-05-26 14:10:45, MOVE, v:1, k:fup@spok, mode:DOWN
2026-05-26 14:10:46, MOVE, v:1, k:fup@spok, mode:PICK
2026-05-26 14:10:48, EXEC, v:1, k:fup@spok, mode:FULL, rate:0, size:5
2026-05-26 14:10:45, MOVE, v:1, k:fup@spok, mode:EDIT
2026-05-26 14:10:45, MOVE, v:1, k:fup@spok, mode:EDIT
2026-05-26 14:10:45, MOVE, v:1, k:fup@spok, mode:EDIT
2026-05-26 14:10:47, MOVE, v:1, k:fup@spok, mode:EDIT
2026-05-26 14:16:18, MOVE, v:1, k:fup@spok, mode:BACK
2026-05-26 14:16:22, MOVE, v:1, k:fup@lotado, mode:PICK
2026-05-26 14:16:23, EXEC, v:1, k:fup@lotado, mode:FULL, rate:0
2026-05-26 14:18:37, EXEC, v:1, k:fup@lotado, mode:FULL, rate:0, size:24
2026-05-26 14:19:08, EXEC, v:1, k:fup@lotado, mode:FULL, rate:0, size:24
2026-05-26 14:19:38, EXEC, v:1, k:fup@lotado, mode:FULL, rate:0, size:24
2026-05-26 14:19:38, MOVE, v:1, k:fup@lotado, mode:EDIT
2026-05-26 14:19:18, MOVE, v:1, k:fup@lotado, mode:EDIT
2026-05-26 14:21:05, EXEC, v:1, k:fup@lotado, mode:FULL, size:27, fail:COMP
2026-05-26 14:21:14, EXEC, v:1, k:fup@lotado, mode:FULL, rate:0, size:26
2026-05-26 14:24:24, EXEC, v:1, k:fup@lotado, mode:FULL, rate:0, size:21
2026-05-26 14:25:09, EXEC, v:1, k:fup@lotado, mode:FULL, rate:0, size:23
2026-05-26 14:25:21, MOVE, v:1, k:fup@lotado, mode:EDIT
2026-05-26 14:25:09, MOVE, v:1, k:fup@lotado, mode:EDIT
2026-05-26 14:26:45, EXEC, v:1, k:fup@lotado, mode:FULL, rate:0, size:21
2026-05-26 14:27:54, EXEC, v:1, k:fup@lotado, mode:FULL, rate:0, size:21
2026-05-26 14:30:17, MOVE, v:1, k:fup@lotado, mode:EDIT
2026-05-26 14:27:54, MOVE, v:1, k:fup@lotado, mode:EDIT
2026-05-26 14:35:15, EXEC, v:1, k:fup@lotado, mode:FULL, rate:0, size:24
2026-05-26 14:35:11, MOVE, v:1, k:fup@lotado, mode:EDIT
2026-05-26 14:35:13, MOVE, v:1, k:fup@lotado, mode:EDIT
2026-05-26 14:36:01, EXEC, v:1, k:fup@lotado, mode:FULL, rate:0, size:26
2026-05-26 14:37:20, EXEC, v:1, k:fup@lotado, mode:FULL, rate:0
2026-05-26 14:38:50, EXEC, v:1, k:fup@lotado, mode:FULL, rate:0, size:25
2026-05-26 14:39:14, EXEC, v:1, k:fup@lotado, mode:FULL, rate:66, size:25
2026-05-26 14:39:46, EXEC, v:1, k:fup@lotado, mode:FULL, rate:0, size:25
2026-05-26 14:39:53, EXEC, v:1, k:fup@lotado, mode:FULL, rate:66, size:25
2026-05-26 14:40:10, EXEC, v:1, k:fup@lotado, mode:FULL, rate:0, size:25
2026-05-26 14:40:14, MOVE, v:1, k:fup@lotado, mode:EDIT
2026-05-26 14:40:08, MOVE, v:1, k:fup@lotado, mode:EDIT
2026-05-26 14:41:13, EXEC, v:1, k:fup@lotado, mode:FULL, rate:66, size:25
2026-05-26 14:42:10, EXEC, v:1, k:fup@lotado, mode:FULL, rate:0, size:27
2026-05-26 14:42:36, EXEC, v:1, k:fup@lotado, mode:FULL, rate:66, size:27
2026-05-26 14:43:51, EXEC, v:1, k:fup@lotado, mode:FULL, rate:66, size:27
2026-05-26 14:44:34, EXEC, v:1, k:fup@lotado, mode:FULL, rate:66, size:27
2026-05-26 14:44:59, EXEC, v:1, k:fup@lotado, mode:FULL, rate:0, size:27
2026-05-26 14:45:20, EXEC, v:1, k:fup@lotado, mode:FULL, rate:0, size:27
2026-05-26 14:45:17, MOVE, v:1, k:fup@lotado, mode:EDIT
2026-05-26 14:45:18, MOVE, v:1, k:fup@lotado, mode:EDIT
2026-05-26 14:45:35, EXEC, v:1, k:fup@lotado, mode:FULL, rate:0
2026-05-26 14:47:50, EXEC, v:1, k:fup@lotado, mode:FULL, rate:66, size:27
2026-05-26 14:48:48, EXEC, v:1, k:fup@lotado, mode:FULL, rate:0, size:27
2026-05-26 14:49:03, EXEC, v:1, k:fup@lotado, mode:FULL, rate:100, size:27
2026-05-26 14:49:08, MOVE, v:1, k:fup@lotado, mode:BACK
2026-05-26 14:49:16, SELF, v:1, k:fup@lotado, self:1, rate:100, concept:1, refactor:1
