2026-05-19 12:43:28, MOVE, v:1, k:fup@vet_ii, mode:PICK
2026-05-19 12:43:29, EXEC, v:1, k:fup@vet_ii, mode:FULL, rate:75
2026-05-19 12:45:01, EXEC, v:1, k:fup@vet_ii, mode:FULL, rate:25, size:25
2026-05-19 12:45:47, EXEC, v:1, k:fup@vet_ii, mode:FULL, rate:0, size:25
2026-05-19 12:46:09, EXEC, v:1, k:fup@vet_ii, mode:FULL, rate:0, size:25
2026-05-19 12:46:27, MOVE, v:1, k:fup@vet_ii, mode:PICK
2026-05-19 12:46:28, EXEC, v:1, k:fup@vet_ii, mode:FULL, rate:0
2026-05-19 12:48:22, EXEC, v:1, k:fup@vet_ii, mode:FULL, rate:75, size:25
2026-05-19 12:48:45, EXEC, v:1, k:fup@vet_ii, mode:FULL, rate:25, size:25
2026-05-19 12:49:25, EXEC, v:1, k:fup@vet_ii, mode:FULL, rate:50, size:25
2026-05-19 12:49:25, MOVE, v:1, k:fup@vet_ii, mode:EDIT
2026-05-19 12:51:17, MOVE, v:1, k:fup@vet_ii, mode:EDIT
2026-05-19 12:51:35, EXEC, v:1, k:fup@vet_ii, mode:FULL, rate:50
2026-05-19 12:52:04, EXEC, v:1, k:fup@vet_ii, mode:FULL, rate:25, size:25
2026-05-19 12:53:18, EXEC, v:1, k:fup@vet_ii, mode:FULL, rate:0, size:28
2026-05-19 12:53:37, EXEC, v:1, k:fup@vet_ii, mode:FULL, rate:25, size:28
2026-05-19 12:54:42, EXEC, v:1, k:fup@vet_ii, mode:FULL, size:27, fail:COMP
2026-05-19 12:54:53, EXEC, v:1, k:fup@vet_ii, mode:FULL, rate:75, size:27
2026-05-19 12:56:20, MOVE, v:1, k:fup@vet_ii, mode:EDIT
2026-05-19 12:54:53, MOVE, v:1, k:fup@vet_ii, mode:EDIT
2026-05-19 12:56:28, EXEC, v:1, k:fup@vet_ii, mode:FULL, rate:0, size:30
2026-05-19 12:56:49, EXEC, v:1, k:fup@vet_ii, mode:FULL, size:28, fail:COMP
2026-05-19 12:57:39, EXEC, v:1, k:fup@vet_ii, mode:FULL, rate:75, size:27
2026-05-19 13:01:19, EXEC, v:1, k:fup@vet_ii, mode:FULL, rate:50, size:27
2026-05-19 13:01:17, MOVE, v:1, k:fup@vet_ii, mode:EDIT
2026-05-19 13:01:19, MOVE, v:1, k:fup@vet_ii, mode:EDIT
2026-05-19 13:01:47, EXEC, v:1, k:fup@vet_ii, mode:FULL, rate:25, size:27
2026-05-19 13:01:57, EXEC, v:1, k:fup@vet_ii, mode:FULL, rate:75, size:27
2026-05-19 13:02:37, EXEC, v:1, k:fup@vet_ii, mode:FULL, rate:0, size:27
2026-05-19 13:02:55, EXEC, v:1, k:fup@vet_ii, mode:FULL, rate:0, size:28
2026-05-19 13:03:44, EXEC, v:1, k:fup@vet_ii, mode:FULL, rate:0, size:28
2026-05-19 13:04:00, EXEC, v:1, k:fup@vet_ii, mode:FULL, rate:75, size:28
2026-05-19 13:03:59, MOVE, v:1, k:fup@vet_ii, mode:EDIT
2026-05-19 13:04:00, MOVE, v:1, k:fup@vet_ii, mode:EDIT
2026-05-19 13:08:50, EXEC, v:1, k:fup@vet_ii, mode:FULL, rate:75, size:32
2026-05-19 13:09:09, EXEC, v:1, k:fup@vet_ii, mode:FULL, rate:100, size:33
2026-05-19 13:09:46, MOVE, v:1, k:fup@vet_ii, mode:BACK
2026-05-19 13:10:02, SELF, v:1, k:fup@vet_ii, self:1, rate:100, concept:1, refactor:1
2026-05-19 13:09:07, MOVE, v:1, k:fup@vet_ii, mode:EDIT
2026-05-19 13:09:08, MOVE, v:1, k:fup@vet_ii, mode:EDIT
2026-05-19 13:20:49, MOVE, v:1, k:fup@patas, mode:PICK
2026-05-19 13:20:52, EXEC, v:1, k:fup@patas, mode:FULL, size:8, fail:COMP
2026-05-19 13:21:04, EXEC, v:1, k:fup@patas, mode:FULL, rate:0, size:5
2026-05-19 13:20:46, MOVE, v:1, k:fup@vet_ii, mode:EDIT
2026-05-19 13:21:02, MOVE, v:1, k:fup@patas, mode:EDIT
2026-05-19 13:21:03, MOVE, v:1, k:fup@patas, mode:EDIT
2026-05-19 13:53:48, MOVE, v:1, k:fup@patas, mode:PICK
2026-05-19 13:53:49, EXEC, v:1, k:fup@patas, mode:FULL, rate:0
2026-05-19 13:53:49, MOVE, v:1, k:fup@patas, mode:EDIT
2026-05-19 14:14:58, MOVE, v:1, k:fup@patas, mode:EDIT
2026-05-19 16:55:13, MOVE, v:1, k:fup@sapinho, mode:DOWN
2026-05-19 16:55:15, MOVE, v:1, k:fup@sapinho, mode:PICK
2026-05-19 16:55:18, EXEC, v:1, k:fup@sapinho, mode:FULL, rate:0, size:5
2026-05-19 16:55:13, MOVE, v:1, k:fup@sapinho, mode:EDIT
2026-05-19 16:55:13, MOVE, v:1, k:fup@sapinho, mode:EDIT
2026-05-19 16:55:18, MOVE, v:1, k:fup@sapinho, mode:EDIT
2026-05-19 17:03:08, MOVE, v:1, k:fup@sapinho, mode:EDIT
2026-05-19 17:08:07, MOVE, v:1, k:fup@sapinho, mode:EDIT
2026-05-19 17:08:36, EXEC, v:1, k:fup@sapinho, mode:FULL, rate:0, size:18
2026-05-19 17:09:35, EXEC, v:1, k:fup@sapinho, mode:FULL, rate:0, size:17
2026-05-19 17:10:05, EXEC, v:1, k:fup@sapinho, mode:FULL, rate:0, size:17
2026-05-19 17:10:37, EXEC, v:1, k:fup@sapinho, mode:FULL, rate:0, size:17
2026-05-19 17:11:36, EXEC, v:1, k:fup@sapinho, mode:FULL, rate:0, size:17
2026-05-19 17:13:08, MOVE, v:1, k:fup@sapinho, mode:EDIT
2026-05-19 17:11:04, MOVE, v:1, k:fup@sapinho, mode:EDIT
2026-05-19 17:13:46, EXEC, v:1, k:fup@sapinho, mode:FULL, rate:0, size:20
2026-05-19 17:14:10, EXEC, v:1, k:fup@sapinho, mode:FULL, rate:0, size:21
2026-05-19 17:15:48, EXEC, v:1, k:fup@sapinho, mode:FULL, rate:0, size:21
2026-05-19 17:17:54, MOVE, v:1, k:fup@sapinho, mode:EDIT
2026-05-19 17:15:45, MOVE, v:1, k:fup@sapinho, mode:EDIT
2026-05-19 17:20:05, EXEC, v:1, k:fup@sapinho, mode:FULL, size:15, fail:COMP
2026-05-19 17:20:05, EXEC, v:1, k:fup@sapinho, mode:FULL, size:15, fail:COMP
2026-05-19 17:20:05, EXEC, v:1, k:fup@sapinho, mode:FULL, size:15, fail:COMP
2026-05-19 17:20:06, EXEC, v:1, k:fup@sapinho, mode:FULL, fail:COMP
2026-05-19 17:20:06, MOVE, v:1, k:fup@sapinho, mode:BACK
2026-05-19 17:20:10, MOVE, v:1, k:fup@sapinho, mode:PICK
2026-05-19 17:20:14, EXEC, v:1, k:fup@sapinho, mode:FULL, fail:COMP
2026-05-19 17:20:28, EXEC, v:1, k:fup@sapinho, mode:FULL, fail:COMP
2026-05-19 17:20:34, EXEC, v:1, k:fup@sapinho, mode:FULL, rate:0, size:15
2026-05-19 17:21:53, EXEC, v:1, k:fup@sapinho, mode:FULL, rate:0, size:15
2026-05-19 17:23:02, EXEC, v:1, k:fup@sapinho, mode:FULL, rate:0, size:15
2026-05-19 17:23:00, MOVE, v:1, k:fup@sapinho, mode:EDIT
2026-05-19 17:23:02, MOVE, v:1, k:fup@sapinho, mode:EDIT
2026-05-19 17:23:22, EXEC, v:1, k:fup@sapinho, mode:FULL, rate:0, size:15
2026-05-19 17:23:29, EXEC, v:1, k:fup@sapinho, mode:FULL, rate:0, size:15
2026-05-19 17:23:39, EXEC, v:1, k:fup@sapinho, mode:FULL, rate:0, size:15
2026-05-19 17:24:02, EXEC, v:1, k:fup@sapinho, mode:FULL, rate:0
2026-05-19 17:25:23, EXEC, v:1, k:fup@sapinho, mode:FULL, rate:0, size:17
2026-05-19 17:25:38, EXEC, v:1, k:fup@sapinho, mode:FULL, rate:0, size:17
2026-05-19 17:25:49, EXEC, v:1, k:fup@sapinho, mode:FULL, rate:0, size:17
2026-05-19 17:26:15, EXEC, v:1, k:fup@sapinho, mode:FULL, rate:0, size:17
2026-05-19 17:26:29, EXEC, v:1, k:fup@sapinho, mode:FULL, rate:0, size:17
2026-05-19 17:27:20, EXEC, v:1, k:fup@sapinho, mode:FULL, rate:0, size:17
2026-05-19 17:27:37, EXEC, v:1, k:fup@sapinho, mode:FULL, rate:0, size:17
2026-05-19 17:28:09, MOVE, v:1, k:fup@sapinho, mode:EDIT
2026-05-19 17:27:37, MOVE, v:1, k:fup@sapinho, mode:EDIT
2026-05-19 17:30:33, EXEC, v:1, k:fup@sapinho, mode:FULL, rate:0, size:19
2026-05-19 17:30:53, EXEC, v:1, k:fup@sapinho, mode:FREE
2026-05-19 17:31:15, EXEC, v:1, k:fup@sapinho, mode:FULL, rate:0, size:20
2026-05-19 17:31:42, EXEC, v:1, k:fup@sapinho, mode:FULL, rate:0, size:20
2026-05-19 17:33:02, EXEC, v:1, k:fup@sapinho, mode:FULL, rate:0, size:19
2026-05-19 17:32:58, MOVE, v:1, k:fup@sapinho, mode:EDIT
2026-05-19 17:33:02, MOVE, v:1, k:fup@sapinho, mode:EDIT
2026-05-19 17:33:12, EXEC, v:1, k:fup@sapinho, mode:FREE
2026-05-19 17:34:23, EXEC, v:1, k:fup@sapinho, mode:FULL, rate:0, size:18
2026-05-19 17:34:42, EXEC, v:1, k:fup@sapinho, mode:FULL, rate:0, size:19
2026-05-19 17:35:18, EXEC, v:1, k:fup@sapinho, mode:FULL, rate:0, size:19
2026-05-19 17:37:24, EXEC, v:1, k:fup@sapinho, mode:FULL, rate:0, size:16
2026-05-19 17:37:24, MOVE, v:1, k:fup@sapinho, mode:EDIT
2026-05-19 17:37:23, MOVE, v:1, k:fup@sapinho, mode:EDIT
2026-05-19 17:41:22, EXEC, v:1, k:fup@sapinho, mode:FULL, rate:0, size:16
2026-05-19 17:41:56, EXEC, v:1, k:fup@sapinho, mode:FULL, rate:0, size:16
2026-05-19 17:42:53, EXEC, v:1, k:fup@sapinho, mode:FULL, rate:0, size:18
2026-05-19 17:42:51, MOVE, v:1, k:fup@sapinho, mode:EDIT
2026-05-19 17:42:53, MOVE, v:1, k:fup@sapinho, mode:EDIT
2026-05-19 17:44:01, EXEC, v:1, k:fup@sapinho, mode:FULL, rate:0, size:20
2026-05-19 17:44:40, EXEC, v:1, k:fup@sapinho, mode:FULL, rate:0, size:22
2026-05-19 17:46:29, EXEC, v:1, k:fup@sapinho, mode:FULL, rate:0, size:23
2026-05-19 17:47:58, EXEC, v:1, k:fup@sapinho, mode:FULL, rate:0, size:22
2026-05-19 17:47:56, MOVE, v:1, k:fup@sapinho, mode:EDIT
2026-05-19 17:47:58, MOVE, v:1, k:fup@sapinho, mode:EDIT
2026-05-19 17:48:12, EXEC, v:1, k:fup@sapinho, mode:FULL, rate:0, size:18
2026-05-19 17:50:00, EXEC, v:1, k:fup@sapinho, mode:FULL, rate:0, size:18
2026-05-19 17:50:44, MOVE, v:1, k:fup@sapinho, mode:EDIT
2026-05-19 17:50:00, MOVE, v:1, k:fup@sapinho, mode:EDIT
2026-05-19 17:58:10, MOVE, v:1, k:fup@sapinho, mode:EDIT
2026-05-19 18:00:00, EXEC, v:1, k:fup@sapinho, mode:FULL, rate:0, size:18
2026-05-19 18:00:49, EXEC, v:1, k:fup@sapinho, mode:FULL, rate:0, size:18
2026-05-19 18:01:39, EXEC, v:1, k:fup@sapinho, mode:FULL, rate:0, size:19
2026-05-19 18:02:10, EXEC, v:1, k:fup@sapinho, mode:FULL, rate:0
2026-05-19 18:02:09, MOVE, v:1, k:fup@sapinho, mode:EDIT
2026-05-19 18:02:10, MOVE, v:1, k:fup@sapinho, mode:EDIT
2026-05-19 18:06:34, EXEC, v:1, k:fup@sapinho, mode:FULL, rate:0, size:17
2026-05-19 18:08:06, MOVE, v:1, k:fup@sapinho, mode:EDIT
2026-05-19 18:06:33, MOVE, v:1, k:fup@sapinho, mode:EDIT
2026-05-19 18:09:02, EXEC, v:1, k:fup@sapinho, mode:FULL, rate:0, size:22
2026-05-19 18:10:48, EXEC, v:1, k:fup@sapinho, mode:FULL, rate:0, size:22
2026-05-19 18:11:30, EXEC, v:1, k:fup@sapinho, mode:FULL, rate:0, size:21
2026-05-19 18:11:47, EXEC, v:1, k:fup@sapinho, mode:FULL, rate:0, size:21
2026-05-19 18:12:41, EXEC, v:1, k:fup@sapinho, mode:FULL, rate:0, size:21
2026-05-19 18:12:56, EXEC, v:1, k:fup@sapinho, mode:FULL, rate:0, size:21
2026-05-19 18:13:07, EXEC, v:1, k:fup@sapinho, mode:FULL, rate:0, size:21
2026-05-19 18:13:07, MOVE, v:1, k:fup@sapinho, mode:EDIT
2026-05-19 18:13:07, MOVE, v:1, k:fup@sapinho, mode:EDIT
2026-05-19 18:13:25, EXEC, v:1, k:fup@sapinho, mode:FULL, rate:0, size:21
2026-05-19 18:13:58, EXEC, v:1, k:fup@sapinho, mode:FULL, rate:0, size:22
2026-05-19 18:14:25, EXEC, v:1, k:fup@sapinho, mode:FULL, rate:0, size:22
2026-05-19 18:14:43, EXEC, v:1, k:fup@sapinho, mode:FULL, rate:0, size:22
2026-05-19 18:14:52, EXEC, v:1, k:fup@sapinho, mode:FULL, rate:100, size:22
2026-05-19 18:14:58, MOVE, v:1, k:fup@sapinho, mode:BACK
2026-05-19 18:15:07, SELF, v:1, k:fup@sapinho, self:1, rate:100, concept:1
2026-05-19 18:16:33, MOVE, v:1, k:fup@lotado, mode:PICK
2026-05-19 18:16:34, EXEC, v:1, k:fup@lotado, mode:FULL, rate:0
2026-05-19 18:14:51, MOVE, v:1, k:fup@sapinho, mode:EDIT
2026-05-19 18:14:52, MOVE, v:1, k:fup@sapinho, mode:EDIT
2026-05-19 18:16:34, MOVE, v:1, k:fup@lotado, mode:EDIT
2026-05-19 18:18:11, MOVE, v:1, k:fup@lotado, mode:EDIT
2026-05-19 18:18:42, EXEC, v:1, k:fup@lotado, mode:FULL, rate:0, size:21
2026-05-19 18:20:00, EXEC, v:1, k:fup@lotado, mode:FULL, rate:0, size:22
2026-05-19 18:20:53, EXEC, v:1, k:fup@lotado, mode:FULL, rate:0, size:22
2026-05-19 18:21:05, EXEC, v:1, k:fup@lotado, mode:FULL, rate:0, size:22
2026-05-19 18:21:41, EXEC, v:1, k:fup@lotado, mode:FULL, rate:0, size:22
2026-05-19 18:22:46, EXEC, v:1, k:fup@lotado, mode:FULL, rate:0, size:24
2026-05-19 18:23:03, EXEC, v:1, k:fup@lotado, mode:FULL, rate:0, size:24
2026-05-19 18:23:02, MOVE, v:1, k:fup@lotado, mode:EDIT
2026-05-19 18:23:03, MOVE, v:1, k:fup@lotado, mode:EDIT
2026-05-19 18:23:34, EXEC, v:1, k:fup@lotado, mode:FULL, rate:0, size:21
2026-05-19 18:24:21, EXEC, v:1, k:fup@lotado, mode:FULL, rate:0, size:19
