2026-06-01 17:08:03, MOVE, v:1, k:fup@vet_iii, mode:PICK
2026-06-01 17:08:05, EXEC, v:1, k:fup@vet_iii, mode:FULL, rate:0
2026-06-01 17:08:05, MOVE, v:1, k:fup@vet_iii, mode:EDIT
2026-06-01 17:11:55, MOVE, v:1, k:fup@vet_iii, mode:EDIT
2026-06-01 17:17:27, MOVE, v:1, k:fup@vet_iii, mode:EDIT
2026-06-01 17:17:42, EXEC, v:1, k:fup@vet_iii, mode:FULL, rate:25, size:15
2026-06-01 17:18:08, EXEC, v:1, k:fup@vet_iii, mode:FULL, rate:25, size:15
2026-06-01 17:22:04, EXEC, v:1, k:fup@vet_iii, mode:FULL, size:19, fail:COMP
2026-06-01 17:22:24, EXEC, v:1, k:fup@vet_iii, mode:FULL, size:17, fail:COMP
2026-06-01 17:22:22, MOVE, v:1, k:fup@vet_iii, mode:EDIT
2026-06-01 17:18:08, MOVE, v:1, k:fup@vet_iii, mode:EDIT
2026-06-01 17:23:00, MOVE, v:1, k:fup@vet_iii, mode:BACK
2026-06-01 17:23:13, MOVE, v:1, k:sandbox@user_003, mode:PICK
2026-06-01 17:23:14, EXEC, v:1, k:sandbox@user_003, mode:LOCK, rate:0, size:5
2026-06-01 17:27:06, EXEC, v:1, k:sandbox@user_003, mode:LOCK, rate:0, size:5
2026-06-01 17:27:18, EXEC, v:1, k:sandbox@user_003, mode:FULL, size:5, fail:COMP
2026-06-01 17:27:27, EXEC, v:1, k:sandbox@user_003, mode:LOCK, rate:0, size:5
2026-06-01 17:27:27, MOVE, v:1, k:sandbox@user_003, mode:EDIT
2026-06-01 17:27:26, MOVE, v:1, k:sandbox@user_003, mode:EDIT
2026-06-01 17:31:27, MOVE, v:1, k:sandbox@user_003, mode:EDIT
2026-06-01 17:36:20, EXEC, v:1, k:sandbox@user_003, mode:FULL, size:5, fail:COMP
2026-06-01 17:36:21, EXEC, v:1, k:sandbox@user_003, mode:FULL, fail:COMP
2026-06-01 17:36:21, EXEC, v:1, k:sandbox@user_003, mode:FULL, fail:COMP
2026-06-01 17:36:21, EXEC, v:1, k:sandbox@user_003, mode:FULL, fail:COMP
2026-06-01 17:36:23, EXEC, v:1, k:sandbox@user_003, mode:FULL, fail:COMP
2026-06-01 17:36:23, EXEC, v:1, k:sandbox@user_003, mode:FULL, fail:COMP
2026-06-01 17:36:25, EXEC, v:1, k:sandbox@user_003, mode:FULL, fail:COMP
2026-06-01 17:36:26, EXEC, v:1, k:sandbox@user_003, mode:FULL, fail:COMP
2026-06-01 17:47:28, MOVE, v:1, k:sandbox@user_003, mode:EDIT
2026-06-01 17:51:33, EXEC, v:1, k:sandbox@user_003, mode:FULL, size:25, fail:COMP
2026-06-01 17:52:30, MOVE, v:1, k:sandbox@user_003, mode:EDIT
2026-06-01 17:53:19, MOVE, v:1, k:sandbox@user_003, mode:EDIT
2026-06-01 18:01:24, MOVE, v:1, k:sandbox@user_003, mode:EDIT
