2026-06-15 01:34:25, MOVE, v:1, k:fup@idosa, mode:DOWN
2026-06-15 01:34:26, MOVE, v:1, k:fup@idosa, mode:PICK
2026-06-15 01:34:25, MOVE, v:1, k:fup@idosa, mode:EDIT
2026-06-15 01:34:25, MOVE, v:1, k:fup@idosa, mode:EDIT
2026-06-15 01:34:25, MOVE, v:1, k:fup@idosa, mode:EDIT
2026-06-15 01:34:30, EXEC, v:1, k:fup@idosa, mode:FULL, rate:0, size:5
2026-06-15 01:34:30, MOVE, v:1, k:fup@idosa, mode:EDIT
2026-06-15 02:34:50, MOVE, v:1, k:fup@idosa, mode:PICK
2026-06-15 02:34:51, EXEC, v:1, k:fup@idosa, mode:FULL, size:5, fail:COMP
2026-06-15 02:35:04, EXEC, v:1, k:fup@idosa, mode:FULL, rate:0, size:5
2026-06-15 02:35:01, MOVE, v:1, k:fup@idosa, mode:EDIT
2026-06-15 02:35:04, MOVE, v:1, k:fup@idosa, mode:EDIT
2026-06-15 02:41:14, EXEC, v:1, k:fup@idosa, mode:FULL, rate:0
2026-06-15 02:41:32, EXEC, v:1, k:fup@idosa, mode:FULL, rate:22, size:5
2026-06-15 02:41:31, MOVE, v:1, k:fup@idosa, mode:EDIT
2026-06-15 02:41:30, MOVE, v:1, k:fup@idosa, mode:EDIT
2026-06-15 03:43:24, MOVE, v:1, k:fup@leds, mode:DOWN
2026-06-15 03:43:26, MOVE, v:1, k:fup@leds, mode:PICK
2026-06-15 03:43:29, EXEC, v:1, k:fup@leds, mode:FULL, rate:0, size:5
2026-06-15 03:45:33, EXEC, v:1, k:fup@leds, mode:FULL, rate:0, size:5
2026-06-15 03:45:59, EXEC, v:1, k:fup@leds, mode:FULL, rate:0, size:6
2026-06-15 03:46:14, EXEC, v:1, k:fup@leds, mode:FULL, rate:25, size:7
2026-06-15 03:43:24, MOVE, v:1, k:fup@leds, mode:EDIT
2026-06-15 03:43:24, MOVE, v:1, k:fup@leds, mode:EDIT
2026-06-15 03:43:24, MOVE, v:1, k:fup@leds, mode:EDIT
2026-06-15 03:43:24, MOVE, v:1, k:fup@leds, mode:EDIT
2026-06-15 03:46:14, MOVE, v:1, k:fup@leds, mode:EDIT
2026-06-15 03:46:14, MOVE, v:1, k:fup@leds, mode:EDIT
2026-06-15 03:55:09, EXEC, v:1, k:fup@leds, mode:FULL, rate:25
2026-06-15 03:55:09, MOVE, v:1, k:fup@leds, mode:EDIT
2026-06-15 04:02:46, EXEC, v:1, k:fup@leds, mode:FULL, size:6, fail:COMP
2026-06-15 04:02:51, EXEC, v:1, k:fup@leds, mode:FULL, size:4, fail:COMP
2026-06-15 04:02:59, EXEC, v:1, k:fup@leds, mode:FULL, rate:100, size:28
2026-06-15 04:03:01, MOVE, v:1, k:fup@leds, mode:BACK
2026-06-15 04:03:12, SELF, v:1, k:fup@leds, self:1, rate:100, concept:1, problem:1
2026-06-15 04:03:49, SELF, v:1, k:fup@pedra_struct, self:1, rate:100, concept:1, problem:1
2026-06-15 04:04:18, MOVE, v:1, k:fup@idosa, mode:PICK
2026-06-15 04:04:19, EXEC, v:1, k:fup@idosa, mode:FULL, rate:22
2026-06-15 04:07:25, EXEC, v:1, k:fup@idosa, mode:FULL, size:23, fail:COMP
2026-06-15 04:07:33, EXEC, v:1, k:fup@idosa, mode:FULL, rate:0, size:29
2026-06-15 04:02:57, MOVE, v:1, k:fup@leds, mode:EDIT
2026-06-15 04:02:59, MOVE, v:1, k:fup@leds, mode:EDIT
2026-06-15 04:07:33, MOVE, v:1, k:fup@idosa, mode:EDIT
2026-06-15 04:07:32, MOVE, v:1, k:fup@idosa, mode:EDIT
2026-06-15 04:13:18, MOVE, v:1, k:fup@idosa, mode:BACK
2026-06-15 04:13:27, MOVE, v:1, k:fup@idosa, mode:PICK
2026-06-15 04:13:28, EXEC, v:1, k:fup@idosa, mode:FULL, rate:0
2026-06-15 04:13:33, EXEC, v:1, k:fup@idosa, mode:FULL, rate:0
2026-06-15 04:13:34, EXEC, v:1, k:fup@idosa, mode:FULL, rate:0
2026-06-15 04:13:34, MOVE, v:1, k:fup@idosa, mode:EDIT
2026-06-15 04:18:42, EXEC, v:1, k:fup@idosa, mode:FULL, size:34, fail:COMP
2026-06-15 04:18:58, MOVE, v:1, k:fup@idosa, mode:PICK
2026-06-15 04:18:59, EXEC, v:1, k:fup@idosa, mode:FULL, fail:COMP
2026-06-15 04:19:07, EXEC, v:1, k:fup@idosa, mode:FULL, size:35, fail:COMP
2026-06-15 04:19:21, MOVE, v:1, k:fup@idosa, mode:PICK
2026-06-15 04:19:22, EXEC, v:1, k:fup@idosa, mode:FULL, fail:COMP
2026-06-15 04:19:35, EXEC, v:1, k:fup@idosa, mode:FULL, size:42, fail:COMP
2026-06-15 04:19:37, EXEC, v:1, k:fup@idosa, mode:FULL, fail:COMP
2026-06-15 04:19:44, EXEC, v:1, k:fup@idosa, mode:FULL, size:43, fail:COMP
2026-06-15 04:19:45, EXEC, v:1, k:fup@idosa, mode:FULL, fail:COMP
2026-06-15 04:20:02, MOVE, v:1, k:fup@idosa, mode:PICK
2026-06-15 04:20:04, EXEC, v:1, k:fup@idosa, mode:FULL, size:47, fail:COMP
2026-06-15 04:20:08, EXEC, v:1, k:fup@idosa, mode:FULL, fail:COMP
2026-06-15 04:20:29, EXEC, v:1, k:fup@idosa, mode:FULL, fail:COMP
2026-06-15 04:24:00, EXEC, v:1, k:fup@idosa, mode:FULL, fail:COMP
2026-06-15 04:24:08, EXEC, v:1, k:fup@idosa, mode:FULL, rate:77, size:48
2026-06-15 04:24:34, EXEC, v:1, k:fup@idosa, mode:FULL, rate:77
2026-06-15 04:24:30, MOVE, v:1, k:fup@idosa, mode:EDIT
2026-06-15 04:24:34, MOVE, v:1, k:fup@idosa, mode:EDIT
2026-06-15 04:25:18, EXEC, v:1, k:fup@idosa, mode:FULL, rate:100, size:48
2026-06-15 04:25:28, EXEC, v:1, k:fup@idosa, mode:FULL, rate:77, size:48
2026-06-15 04:25:26, MOVE, v:1, k:fup@idosa, mode:EDIT
2026-06-15 04:25:28, MOVE, v:1, k:fup@idosa, mode:EDIT
2026-06-15 04:31:59, EXEC, v:1, k:fup@idosa, mode:FULL, rate:77
2026-06-15 04:31:59, MOVE, v:1, k:fup@idosa, mode:EDIT
2026-06-15 14:04:25, MOVE, v:1, k:fup@esconde, mode:PICK
2026-06-15 14:04:27, EXEC, v:1, k:fup@esconde, mode:FULL, rate:100
2026-06-15 14:04:29, MOVE, v:1, k:fup@esconde, mode:BACK
2026-06-15 14:05:32, MOVE, v:1, k:fup@castelos, mode:DOWN
2026-06-15 14:05:33, MOVE, v:1, k:fup@castelos, mode:PICK
2026-06-15 14:05:36, EXEC, v:1, k:fup@castelos, mode:FULL, rate:0, size:5
2026-06-15 14:04:27, MOVE, v:1, k:fup@esconde, mode:EDIT
2026-06-15 14:05:32, MOVE, v:1, k:fup@castelos, mode:EDIT
2026-06-15 14:05:32, MOVE, v:1, k:fup@castelos, mode:EDIT
2026-06-15 14:05:32, MOVE, v:1, k:fup@castelos, mode:EDIT
2026-06-15 14:05:32, MOVE, v:1, k:fup@castelos, mode:EDIT
2026-06-15 14:05:32, MOVE, v:1, k:fup@castelos, mode:EDIT
2026-06-15 14:05:32, MOVE, v:1, k:fup@castelos, mode:EDIT
2026-06-15 14:05:32, MOVE, v:1, k:fup@castelos, mode:EDIT
2026-06-15 14:05:32, MOVE, v:1, k:fup@castelos, mode:EDIT
2026-06-15 14:05:35, MOVE, v:1, k:fup@castelos, mode:EDIT
2026-06-15 14:08:48, MOVE, v:1, k:fup@castelos, mode:EDIT
2026-06-15 14:09:59, MOVE, v:1, k:fup@castelos, mode:EDIT
2026-06-15 14:18:44, MOVE, v:1, k:fup@castelos, mode:EDIT
2026-06-15 14:20:25, EXEC, v:1, k:fup@castelos, mode:FULL, rate:0, size:17
2026-06-15 14:21:04, EXEC, v:1, k:fup@castelos, mode:FULL, rate:0, size:17
2026-06-15 14:21:14, EXEC, v:1, k:fup@castelos, mode:FULL, rate:0, size:17
2026-06-15 14:21:33, EXEC, v:1, k:fup@castelos, mode:FULL, rate:0, size:17
2026-06-15 14:22:01, EXEC, v:1, k:fup@castelos, mode:FULL, rate:0, size:17
2026-06-15 14:22:42, EXEC, v:1, k:fup@castelos, mode:FULL, rate:0, size:17
2026-06-15 14:23:01, EXEC, v:1, k:fup@castelos, mode:FULL, rate:0, size:17
2026-06-15 14:23:34, EXEC, v:1, k:fup@castelos, mode:FULL, rate:0, size:17
2026-06-15 14:23:33, MOVE, v:1, k:fup@castelos, mode:EDIT
2026-06-15 14:23:34, MOVE, v:1, k:fup@castelos, mode:EDIT
2026-06-15 14:24:51, EXEC, v:1, k:fup@castelos, mode:FULL, rate:0
2026-06-15 14:27:53, MOVE, v:1, k:fup@castelos, mode:EDIT
2026-06-15 14:24:51, MOVE, v:1, k:fup@castelos, mode:EDIT
